
> eventdrivenarch-swe@1.0.0 start:all
> node scripts/start-all.js

{"timestamp":"2026-08-19T08:26:00.687Z","service":"analytics-service","message":"consumer started","topic":"order.created"}
{"timestamp":"2026-08-19T08:26:00.719Z","service":"inventory-service","message":"consumer started","topic":"order.created"}
{"timestamp":"2026-08-19T08:26:00.758Z","service":"notification-service","message":"consumer started","topic":"order.created"}
{"timestamp":"2026-08-19T08:26:00.790Z","service":"order-api","message":"listening","port":3000}
{"timestamp":"2026-08-19T08:26:00.808Z","service":"dead-letter-monitor","message":"consumer started","topic":"order.created.dlt"}
{"timestamp":"2026-08-19T08:26:06.444Z","service":"order-api","message":"order created and event published","eventId":"d63deeb3-da7f-4ec2-8061-deb0ae3d8ad4","orderId":"2e1acf08-9e9b-4aaf-b0d9-860bb14b03cd","correlationId":"demo-request-1","responseTimeMs":28}
{"timestamp":"2026-08-19T08:26:06.450Z","service":"analytics-service","message":"processing started","eventId":"d63deeb3-da7f-4ec2-8061-deb0ae3d8ad4","orderId":"2e1acf08-9e9b-4aaf-b0d9-860bb14b03cd","correlationId":"demo-request-1","attempt":1}
{"timestamp":"2026-08-19T08:26:06.450Z","service":"analytics-service","message":"processing failed","eventId":"d63deeb3-da7f-4ec2-8061-deb0ae3d8ad4","orderId":"2e1acf08-9e9b-4aaf-b0d9-860bb14b03cd","correlationId":"demo-request-1","attempt":1,"error":"Simulated analytics failure"}
{"timestamp":"2026-08-19T08:26:06.450Z","service":"inventory-service","message":"processing started","eventId":"d63deeb3-da7f-4ec2-8061-deb0ae3d8ad4","orderId":"2e1acf08-9e9b-4aaf-b0d9-860bb14b03cd","correlationId":"demo-request-1","attempt":1}
{"timestamp":"2026-08-19T08:26:06.450Z","service":"notification-service","message":"processing started","eventId":"d63deeb3-da7f-4ec2-8061-deb0ae3d8ad4","orderId":"2e1acf08-9e9b-4aaf-b0d9-860bb14b03cd","correlationId":"demo-request-1","attempt":1}
{"timestamp":"2026-08-19T08:26:06.701Z","service":"notification-service","message":"processing completed","eventId":"d63deeb3-da7f-4ec2-8061-deb0ae3d8ad4","orderId":"2e1acf08-9e9b-4aaf-b0d9-860bb14b03cd","correlationId":"demo-request-1","attempt":1}
{"timestamp":"2026-08-19T08:26:07.451Z","service":"analytics-service","message":"processing started","eventId":"d63deeb3-da7f-4ec2-8061-deb0ae3d8ad4","orderId":"2e1acf08-9e9b-4aaf-b0d9-860bb14b03cd","correlationId":"demo-request-1","attempt":2}
{"timestamp":"2026-08-19T08:26:07.451Z","service":"analytics-service","message":"processing failed","eventId":"d63deeb3-da7f-4ec2-8061-deb0ae3d8ad4","orderId":"2e1acf08-9e9b-4aaf-b0d9-860bb14b03cd","correlationId":"demo-request-1","attempt":2,"error":"Simulated analytics failure"}
{"timestamp":"2026-08-19T08:26:08.454Z","service":"inventory-service","message":"processing completed","eventId":"d63deeb3-da7f-4ec2-8061-deb0ae3d8ad4","orderId":"2e1acf08-9e9b-4aaf-b0d9-860bb14b03cd","correlationId":"demo-request-1","attempt":1}
{"timestamp":"2026-08-19T08:26:09.451Z","service":"analytics-service","message":"processing started","eventId":"d63deeb3-da7f-4ec2-8061-deb0ae3d8ad4","orderId":"2e1acf08-9e9b-4aaf-b0d9-860bb14b03cd","correlationId":"demo-request-1","attempt":3}
{"timestamp":"2026-08-19T08:26:09.451Z","service":"analytics-service","message":"processing failed","eventId":"d63deeb3-da7f-4ec2-8061-deb0ae3d8ad4","orderId":"2e1acf08-9e9b-4aaf-b0d9-860bb14b03cd","correlationId":"demo-request-1","attempt":3,"error":"Simulated analytics failure"}
{"timestamp":"2026-08-19T08:26:09.466Z","service":"analytics-service","message":"sent to dead-letter topic","eventId":"d63deeb3-da7f-4ec2-8061-deb0ae3d8ad4","orderId":"2e1acf08-9e9b-4aaf-b0d9-860bb14b03cd","attempts":3,"error":"Simulated analytics failure"}
{"timestamp":"2026-08-19T08:26:09.468Z","service":"dead-letter-monitor","message":"dead-letter event received","partition":0,"offset":"0","attempts":3,"error":"Simulated analytics failure","failedAt":"2026-08-19T08:26:09.451Z","event":{"eventId":"d63deeb3-da7f-4ec2-8061-deb0ae3d8ad4","eventType":"OrderCreated","occurredAt":"2026-08-19T08:26:06.417Z","correlationId":"demo-request-1","data":{"orderId":"2e1acf08-9e9b-4aaf-b0d9-860bb14b03cd","customerId":"customer-1","items":[{"productId":"product-1","quantity":2}],"status":"created","createdAt":"2026-08-19T08:26:06.417Z"}},"failedService":"analytics-service"}
